I'm sorry, but errors were detected in your script. Please correct the
errors listed below, and try again.


The label apl_week_second is defined twice, at
  File "game/script/forest/apl second.rpy", line 1 and
  File "game/script/forest/may second.rpy", line 1.

Ren'Py Version: Ren'Py 7.3.5.606
Wed Dec 11 18:56:56 2019
